2026-07-26 08:12:33,936 - INFO - Received message type 'LOGIN' from client.
2026-07-26 08:12:33,936 - INFO - Player logged in: Dan (ELO: 1200, Mode: auto)
2026-07-26 08:12:33,937 - INFO - Player Dan entered auto-matchmaking queue.
2026-07-26 08:12:42,927 - INFO - Received message type 'LOGIN' from client.
2026-07-26 08:12:42,927 - INFO - Player logged in: a (ELO: 1261, Mode: auto)
2026-07-26 08:12:42,927 - INFO - Player a entered auto-matchmaking queue.
2026-07-26 08:13:11,660 - INFO - Received message type 'LOGIN' from client.
2026-07-26 08:13:11,660 - INFO - Player logged in: b (ELO: 1270, Mode: auto)
2026-07-26 08:13:11,661 - INFO - Player b entered auto-matchmaking queue.
2026-07-26 08:13:31,523 - ERROR - Connection error: no close frame received or sent
2026-07-26 08:13:31,523 - INFO - Player disconnected: b
2026-07-26 08:13:44,021 - INFO - Received message type 'LOGIN' from client.
2026-07-26 08:13:44,021 - INFO - Player logged in: Player1 (ELO: 1200, Mode: auto)
2026-07-26 08:13:44,021 - INFO - Player Player1 entered auto-matchmaking queue.
2026-07-26 08:14:02,092 - INFO - Received message type 'LOGIN' from client.
2026-07-26 08:14:02,092 - INFO - Player logged in: Player2 (ELO: 1200, Mode: auto)
2026-07-26 08:14:02,092 - INFO - Player Player2 entered auto-matchmaking queue.
2026-07-26 08:14:08,961 - INFO - Received message type 'MOVE' from client.
2026-07-26 08:14:08,962 - INFO - MOVE command processed in room 'Match_Dan_a'
2026-07-26 08:14:17,899 - INFO - Received message type 'MOVE' from client.
2026-07-26 08:14:17,899 - INFO - MOVE command processed in room 'Match_Player1_Player2'
2026-07-26 08:14:32,361 - ERROR - Connection error: no close frame received or sent
2026-07-26 08:14:32,361 - INFO - Player disconnected: Player2
2026-07-26 08:14:32,361 - INFO - Player in room 'Match_Player1_Player2' disconnected. Starting 20s countdown.
2026-07-26 08:14:35,604 - ERROR - Connection error: no close frame received or sent
2026-07-26 08:14:35,604 - INFO - Player disconnected: Player1
2026-07-26 08:14:35,604 - INFO - Player in room 'Match_Player1_Player2' disconnected. Starting 20s countdown.
2026-07-26 08:14:37,100 - ERROR - Connection error: no close frame received or sent
2026-07-26 08:14:37,100 - INFO - Player disconnected: a
2026-07-26 08:14:37,100 - INFO - Player in room 'Match_Dan_a' disconnected. Starting 20s countdown.
2026-07-26 08:14:38,488 - ERROR - Connection error: no close frame received or sent
2026-07-26 08:14:38,488 - INFO - Player disconnected: Dan
2026-07-26 08:14:38,488 - INFO - Player in room 'Match_Dan_a' disconnected. Starting 20s countdown.
2026-07-26 08:36:52,521 - INFO - Received message type 'LOGIN' from client.
2026-07-26 08:36:52,521 - INFO - Player logged in: a (ELO: 1261, Mode: auto)
2026-07-26 08:36:52,521 - INFO - Player a entered auto-matchmaking queue.
2026-07-26 08:36:58,702 - INFO - Received message type 'LOGIN' from client.
2026-07-26 08:36:58,702 - INFO - Player logged in: b (ELO: 1270, Mode: auto)
2026-07-26 08:36:58,702 - INFO - Player b entered auto-matchmaking queue.
2026-07-26 08:37:01,863 - INFO - Received message type 'MOVE' from client.
2026-07-26 08:37:01,863 - INFO - MOVE command processed in room 'Match_a_b'
2026-07-26 08:37:16,514 - ERROR - Connection error: no close frame received or sent
2026-07-26 08:37:16,514 - INFO - Player disconnected: b
2026-07-26 08:37:16,514 - INFO - Player in room 'Match_a_b' disconnected. Starting 20s countdown.
2026-07-26 08:37:19,480 - ERROR - Connection error: no close frame received or sent
2026-07-26 08:37:19,480 - INFO - Player disconnected: a
2026-07-26 08:37:19,480 - INFO - Player in room 'Match_a_b' disconnected. Starting 20s countdown.
