2026-07-26 08:12:33,865 - INFO - Loaded sound file: move.wav
2026-07-26 08:12:33,872 - INFO - Loaded sound file: capture.wav
2026-07-26 08:12:33,880 - INFO - Loaded sound file: game_over.wav
2026-07-26 08:12:42,882 - INFO - Loaded sound file: move.wav
2026-07-26 08:12:42,883 - INFO - Loaded sound file: capture.wav
2026-07-26 08:12:42,883 - INFO - Loaded sound file: game_over.wav
2026-07-26 08:13:11,591 - INFO - Loaded sound file: move.wav
2026-07-26 08:13:11,591 - INFO - Loaded sound file: capture.wav
2026-07-26 08:13:11,592 - INFO - Loaded sound file: game_over.wav
2026-07-26 08:13:43,942 - INFO - Loaded sound file: move.wav
2026-07-26 08:13:43,943 - INFO - Loaded sound file: capture.wav
2026-07-26 08:13:43,944 - INFO - Loaded sound file: game_over.wav
2026-07-26 08:14:02,025 - INFO - Loaded sound file: move.wav
2026-07-26 08:14:02,025 - INFO - Loaded sound file: capture.wav
2026-07-26 08:14:02,026 - INFO - Loaded sound file: game_over.wav
2026-07-26 08:14:08,949 - INFO - Played move sound effect.
2026-07-26 08:14:08,971 - INFO - Played move sound effect.
2026-07-26 08:14:17,899 - INFO - Played move sound effect.
2026-07-26 08:14:17,921 - INFO - Played move sound effect.
2026-07-26 08:36:52,476 - INFO - Loaded sound file: move.wav
2026-07-26 08:36:52,477 - INFO - Loaded sound file: capture.wav
2026-07-26 08:36:52,477 - INFO - Loaded sound file: game_over.wav
2026-07-26 08:36:58,655 - INFO - Loaded sound file: move.wav
2026-07-26 08:36:58,655 - INFO - Loaded sound file: capture.wav
2026-07-26 08:36:58,656 - INFO - Loaded sound file: game_over.wav
2026-07-26 08:37:01,862 - INFO - Played move sound effect.
2026-07-26 08:37:01,863 - INFO - Played move sound effect.
2026-07-26 08:55:18,290 - INFO - Loaded sound file: move.wav
2026-07-26 08:55:18,290 - INFO - Loaded sound file: capture.wav
2026-07-26 08:55:18,291 - INFO - Loaded sound file: game_over.wav
2026-07-26 08:55:24,261 - INFO - Loaded sound file: move.wav
2026-07-26 08:55:24,261 - INFO - Loaded sound file: capture.wav
2026-07-26 08:55:24,262 - INFO - Loaded sound file: game_over.wav
2026-07-26 08:55:27,299 - INFO - Played move sound effect.
2026-07-26 08:55:27,325 - INFO - Played move sound effect.
2026-07-26 08:56:01,808 - INFO - Played game over sound effect.
2026-07-26 09:06:06,935 - INFO - Loaded sound file: move.wav
2026-07-26 09:06:06,935 - INFO - Loaded sound file: capture.wav
2026-07-26 09:06:06,936 - INFO - Loaded sound file: game_over.wav
2026-07-26 09:06:15,500 - INFO - Loaded sound file: move.wav
2026-07-26 09:06:15,501 - INFO - Loaded sound file: capture.wav
2026-07-26 09:06:15,501 - INFO - Loaded sound file: game_over.wav
2026-07-26 09:06:19,230 - INFO - Played move sound effect.
2026-07-26 09:06:19,260 - INFO - Played move sound effect.
2026-07-26 09:06:45,432 - INFO - Played game over sound effect.
2026-07-26 10:01:15,963 - INFO - Loaded sound file: move.wav
2026-07-26 10:01:15,963 - INFO - Loaded sound file: capture.wav
2026-07-26 10:01:15,964 - INFO - Loaded sound file: game_over.wav
2026-07-26 10:01:22,988 - INFO - Loaded sound file: move.wav
2026-07-26 10:01:22,989 - INFO - Loaded sound file: capture.wav
2026-07-26 10:01:22,989 - INFO - Loaded sound file: game_over.wav
2026-07-26 10:01:27,961 - INFO - Played move sound effect.
2026-07-26 10:01:27,969 - INFO - Played move sound effect.
2026-07-26 10:01:53,370 - INFO - Played game over sound effect.
2026-07-26 10:25:25,971 - INFO - Loaded sound file: move.wav
2026-07-26 10:25:25,972 - INFO - Loaded sound file: capture.wav
2026-07-26 10:25:25,972 - INFO - Loaded sound file: game_over.wav
2026-07-26 10:25:31,483 - INFO - Loaded sound file: move.wav
2026-07-26 10:25:31,483 - INFO - Loaded sound file: capture.wav
2026-07-26 10:25:31,483 - INFO - Loaded sound file: game_over.wav
2026-07-26 10:25:37,109 - INFO - Played move sound effect.
2026-07-26 10:25:37,121 - INFO - Played move sound effect.
2026-07-26 10:25:52,948 - INFO - Loaded sound file: move.wav
2026-07-26 10:25:52,949 - INFO - Loaded sound file: capture.wav
2026-07-26 10:25:52,950 - INFO - Loaded sound file: game_over.wav
2026-07-26 10:26:06,852 - INFO - Loaded sound file: move.wav
2026-07-26 10:26:06,853 - INFO - Loaded sound file: capture.wav
2026-07-26 10:26:06,853 - INFO - Loaded sound file: game_over.wav
2026-07-26 10:26:08,385 - INFO - Played move sound effect.
2026-07-26 10:26:09,810 - INFO - Played move sound effect.
